hjcode.dat                                                      8d9c8654000002565696
fjcode.dat                                                      e490f8f3000000005068
opcode.dat                                                      36a9e4ae000000202596
upcode.dat                                                      0ae6df8d000000002772
cjcode.dat                                                      6ef84753000002021416
pjcode.dat                                                      94d86859000001558608
gpcode_n.dat                                                    1a435e9a000000001221
trcode.dat                                                      7d6fc11b000000001752
sihwang.dat                                                     b557cec5000000024017
nkrealtime.dat                                                  2e485fb7000000027694
frcode.dat                                                      6b1f42e9000000169048
thcode.dat                                                      8504ffce000000345486
ewcode.dat                                                      10b0e909000000003975
sfcode.dat                                                      adef1481000000608816
hkcode.dat                                                      b2c1e5ec000000511736
hicode.dat                                                      809342cf000000004556
jpcode.dat                                                      102379b5000000791400
jicode.dat                                                      dbd70ef7000000014105
elcode.dat                                                      78668f5c000000407040
cfcode.dat                                                      e87db1d7000000028304
cocode.dat                                                      9bc90728000000000232
opcode_sf2.dat                                                  25de83ea000000403844
wkqopcode.dat                                                   8b0e8059000000004877
wmkqopcode.dat                                                  7f02cd81000000004877
wkqopcode_sf2.dat                                               2636a80e000000006073
wmkqopcode_sf2.dat                                              fa398c04000000006073
infotm.dat                                                      3cfa5449000000637780
nfjcode.dat                                                     5d2885a9000000005439
nopcode.dat                                                     d51d6137000000394812
nmopcode.dat                                                    1bac16e1000000287287
nwkopcode.dat                                                   4e27c60b000000010530
nwmkopcode.dat                                                  02294146000000010530
nkopcode.dat                                                    5b7155a5000000074767
ncfcode.dat                                                     c227c30d000000006300
nwkopsfcode.dat                                                 0174c073000000013182
nwmkopsfcode.dat                                                b8c8ef4d000000013182
fscode.dat                                                      d7ca3528000000352470
nwkqopcode.dat                                                  6ed9822f000000004877
nwmkqopcode.dat                                                 6a3d1563000000004877
nwkqopsfcode.dat                                                742e8098000000006073
nwmkqopsfcode.dat                                               eb190ab8000000006073
hjcode_m.dat                                                    bfdacd13000001207680
elcode_m.dat                                                    e14b6c4b000000190800
hjcodej_m.dat                                                   679c11fb000000655200
hjcodea_m.dat                                                   774a2ba2000001073328
hjcodee_m.dat                                                   501c82d6000000368880
efcode.dat                                                      799df8cc000000184040
mopcode.dat                                                     e157bc6c000000145986
mopcode_sf2.dat                                                 26e8f0d5000000290964
cacode.dat                                                      e7519faa000000259420
cucode.dat                                                      d8f14e40000000008576
gpcode_s.dat                                                    03d03f1f000000001155
cocode_sf.dat                                                   a73b9a38000000000048
fmcode_x.dat                                                    03b5bc5b000005860116
kopcode.dat                                                     8413d04d000000039485
kopcode_sf2.dat                                                 eb8c468d000000078484
cmcode_w.dat                                                    d6cc3668000000000132
excode.dat                                                      fbcdf2e2000000004488
eucode_w.dat                                                    195c86ea000000092869
fucode.dat                                                      d7ca3528000000352470
nfwrealtime.dat                                                 81d5c342000000019002
uscode_w.dat                                                    4d0b5120000004094230
uicode.dat                                                      d3013891000000008897
umcode.dat                                                      b53dd5c8000000062469
uucode.dat                                                      c5a79d9b000000002646
etfcategory.dat                                                 df555d2e000000015759
uetfcatelst.dat                                                 005bc3fa000000649629
wkopcode.dat                                                    a52cb290000000005442
wkopcode_sf2.dat                                                f1b0128c000000010688
cacode_g.dat                                                    a081293a000000637111
cucode_g.dat                                                    1cf0ab2f000000008576
hkcode_g.dat                                                    6f796ad2000000826956
hicode_g.dat                                                    d663299a000000004422
sgscode.dat                                                     251b7dea000000241120
sgdlctree.dat                                                   0253bbd7000000004163
narealtime.dat                                                  d1c6fd44000000039292
euwkcode.dat                                                    d500fe12000000004434
euwksfcode.dat                                                  503777bf000000008704
us_index_combo.dat                                              4404fb50000000001079
wmkopcode.dat                                                   5ef1a04e000000008882
wmkopcode_sf2.dat                                               0034302a000000014128
euwmcode.dat                                                    510f68ba000000006822
euwmsfcode.dat                                                  f3bf2762000000010848
popcode.dat                                                     b673356f000000337876
popcode_sf2.dat                                                 388e2778000000538820
pmopcode.dat                                                    c71894c2000000243441
pmopcode_sf2.dat                                                2739d1e6000000388200
pkopcode.dat                                                    ba028890000000065681
pkopcode_sf2.dat                                                acb46e4d000000104680
pwkopcode.dat                                                   adb00606000000009097
pwkopcode_sf2.dat                                               ade7b2ec000000014300
pwmkopcode.dat                                                  bb90dce5000000009097
pwmkopcode_sf2.dat                                              4b39da8e000000014300
nwknopcode.dat                                                  1db2fafa000000010785
nwmknopcode.dat                                                 c42470ce000000010785
nwknopsfcode.dat                                                f97c798b000000013437
nwmknopsfcode.dat                                               9eeeb4ba000000013437
